2026-03-26 12:56:01 [INFO] mampok.interfaces.cli: stop: mamplan=test-cellx-mamplan.json, config=config.json, selection=[], regex_selection=[], throw_error=False
2026-03-26 12:56:01 [INFO] mampok.config.config: loading config: config.json
2026-03-26 12:56:01 [DEBUG] mampok.mamplan.base: read_in: test-cellx-mamplan.json
2026-03-26 12:56:01 [DEBUG] mampok.mamplan.base: read_in: /home/nknoppi/new_mampok_dummy_repo/mamplates/cxgtest-mamplate.json
2026-03-26 12:56:01 [DEBUG] mampok.mamplan.base: read_in: /home/nknoppi/new_mampok_dummy_repo/mamplates/sleep-init-mamplate.json
2026-03-26 12:56:01 [DEBUG] botocore.hooks: Changing event name from creating-client-class.iot-data to creating-client-class.iot-data-plane
2026-03-26 12:56:01 [DEBUG] botocore.hooks: Changing event name from before-call.apigateway to before-call.api-gateway
2026-03-26 12:56:01 [DEBUG] botocore.hooks: Changing event name from request-created.machinelearning.Predict to request-created.machine-learning.Predict
2026-03-26 12:56:01 [DEBUG] botocore.hooks: Changing event name from before-parameter-build.autoscaling.CreateLaunchConfiguration to before-parameter-build.auto-scaling.CreateLaunchConfiguration
2026-03-26 12:56:01 [DEBUG] botocore.hooks: Changing event name from before-parameter-build.route53 to before-parameter-build.route-53
2026-03-26 12:56:01 [DEBUG] botocore.hooks: Changing event name from request-created.cloudsearchdomain.Search to request-created.cloudsearch-domain.Search
2026-03-26 12:56:01 [DEBUG] botocore.hooks: Changing event name from docs.*.autoscaling.CreateLaunchConfiguration.complete-section to docs.*.auto-scaling.CreateLaunchConfiguration.complete-section
2026-03-26 12:56:01 [DEBUG] botocore.hooks: Changing event name from before-parameter-build.logs.CreateExportTask to before-parameter-build.cloudwatch-logs.CreateExportTask
2026-03-26 12:56:01 [DEBUG] botocore.hooks: Changing event name from docs.*.logs.CreateExportTask.complete-section to docs.*.cloudwatch-logs.CreateExportTask.complete-section
2026-03-26 12:56:01 [DEBUG] botocore.hooks: Changing event name from before-parameter-build.cloudsearchdomain.Search to before-parameter-build.cloudsearch-domain.Search
2026-03-26 12:56:01 [DEBUG] botocore.hooks: Changing event name from docs.*.cloudsearchdomain.Search.complete-section to docs.*.cloudsearch-domain.Search.complete-section
2026-03-26 12:56:01 [DEBUG] botocore.loaders: Loading JSON file: /home/nknoppi/.local/lib/python3.12/site-packages/botocore/data/endpoints.json
2026-03-26 12:56:01 [DEBUG] botocore.loaders: Loading JSON file: /home/nknoppi/.local/lib/python3.12/site-packages/botocore/data/sdk-default-configuration.json
2026-03-26 12:56:01 [DEBUG] botocore.hooks: Event choose-service-name: calling handler <function handle_service_name_alias at 0x7f36e2ad9120>
2026-03-26 12:56:01 [DEBUG] botocore.loaders: Loading JSON file: /home/nknoppi/.local/lib/python3.12/site-packages/botocore/data/s3/2006-03-01/service-2.json.gz
2026-03-26 12:56:01 [DEBUG] botocore.loaders: Loading JSON file: /home/nknoppi/.local/lib/python3.12/site-packages/botocore/data/s3/2006-03-01/service-2.sdk-extras.json
2026-03-26 12:56:01 [DEBUG] botocore.loaders: Loading JSON file: /home/nknoppi/.local/lib/python3.12/site-packages/botocore/data/s3/2006-03-01/endpoint-rule-set-1.json.gz
2026-03-26 12:56:01 [DEBUG] botocore.loaders: Loading JSON file: /home/nknoppi/.local/lib/python3.12/site-packages/botocore/data/partitions.json
2026-03-26 12:56:01 [DEBUG] botocore.hooks: Event creating-client-class.s3: calling handler <function add_generate_presigned_post at 0x7f36e2c48040>
2026-03-26 12:56:01 [DEBUG] botocore.hooks: Event creating-client-class.s3: calling handler <function lazy_call.<locals>._handler at 0x7f36e2b73d80>
2026-03-26 12:56:01 [DEBUG] botocore.hooks: Event creating-client-class.s3: calling handler <function add_generate_presigned_url at 0x7f36e2c37d80>
2026-03-26 12:56:01 [DEBUG] botocore.endpoint: Setting s3 timeout as (60, 60)
2026-03-26 12:56:01 [DEBUG] botocore.loaders: Loading JSON file: /home/nknoppi/.local/lib/python3.12/site-packages/botocore/data/_retry.json
2026-03-26 12:56:01 [DEBUG] botocore.client: Registering retry handlers for service: s3
2026-03-26 12:56:01 [DEBUG] botocore.utils: Registering S3 region redirector handler
2026-03-26 12:56:01 [DEBUG] botocore.utils: Registering S3Express Identity Resolver
2026-03-26 12:56:01 [DEBUG] mampok.mampok.mampok: stop: project_id=test-mampok-v2, namespace=mampok-dev1
2026-03-26 12:56:01 [DEBUG] mampok.kubernetes.manager: delete: project_id=test-mampok-v2
2026-03-26 12:56:01 [DEBUG] mampok.kubernetes.manager: deleting Deployment/test-mampok-v2-dpl-cxgtest
2026-03-26 12:56:01 [DEBUG] mampok.kubernetes.client: delete: Deployment/test-mampok-v2-dpl-cxgtest
2026-03-26 12:56:01 [DEBUG] kubernetes.client.rest: response body: {"kind":"Status","apiVersion":"v1","metadata":{},"status":"Failure","message":"deployments.apps \"test-mampok-v2-dpl-cxgtest\" not found","reason":"NotFound","details":{"name":"test-mampok-v2-dpl-cxgtest","group":"apps","kind":"deployments"},"code":404}

2026-03-26 12:56:01 [DEBUG] mampok.kubernetes.manager: deleting Service/test-mampok-v2-svc-cxgtest
2026-03-26 12:56:01 [DEBUG] mampok.kubernetes.client: delete: Service/test-mampok-v2-svc-cxgtest
2026-03-26 12:56:01 [DEBUG] kubernetes.client.rest: response body: {"kind":"Status","apiVersion":"v1","metadata":{},"status":"Failure","message":"services \"test-mampok-v2-svc-cxgtest\" not found","reason":"NotFound","details":{"name":"test-mampok-v2-svc-cxgtest","kind":"services"},"code":404}

2026-03-26 12:56:01 [DEBUG] mampok.kubernetes.manager: deleting Ingress/test-mampok-v2-ing-cxgtest
2026-03-26 12:56:01 [DEBUG] mampok.kubernetes.client: delete: Ingress/test-mampok-v2-ing-cxgtest
2026-03-26 12:56:01 [DEBUG] kubernetes.client.rest: response body: {"kind":"Status","apiVersion":"v1","metadata":{},"status":"Failure","message":"ingresses.networking.k8s.io \"test-mampok-v2-ing-cxgtest\" not found","reason":"NotFound","details":{"name":"test-mampok-v2-ing-cxgtest","group":"networking.k8s.io","kind":"ingresses"},"code":404}

2026-03-26 12:56:01 [DEBUG] mampok.kubernetes.manager: deleting Secret/test-mampok-v2-sc-cxgtest
2026-03-26 12:56:01 [DEBUG] mampok.kubernetes.client: delete: Secret/test-mampok-v2-sc-cxgtest
2026-03-26 12:56:01 [DEBUG] kubernetes.client.rest: response body: {"kind":"Status","apiVersion":"v1","metadata":{},"status":"Failure","message":"secrets \"test-mampok-v2-sc-cxgtest\" not found","reason":"NotFound","details":{"name":"test-mampok-v2-sc-cxgtest","kind":"secrets"},"code":404}

2026-03-26 12:56:01 [DEBUG] mampok.kubernetes.manager: deleting Secret/test-mampok-v2-sc-cxgtest-auth
2026-03-26 12:56:01 [DEBUG] mampok.kubernetes.client: delete: Secret/test-mampok-v2-sc-cxgtest-auth
2026-03-26 12:56:01 [DEBUG] kubernetes.client.rest: response body: {"kind":"Status","apiVersion":"v1","metadata":{},"status":"Failure","message":"secrets \"test-mampok-v2-sc-cxgtest-auth\" not found","reason":"NotFound","details":{"name":"test-mampok-v2-sc-cxgtest-auth","kind":"secrets"},"code":404}

2026-03-26 12:56:01 [DEBUG] mampok.mamplan.base: edit: {'deployment__status': False}
2026-03-26 12:56:01 [DEBUG] mampok.mamplan.base: write: test-cellx-mamplan.json
